There were 0% failures in 10000 coarse tests.
There were 0% failures in 10000 fine tests.
