

-=-=-=-=-=-=-=- MACROCYCLE #0 -=-=-=-=-=-=-=-
**************************************************
Selected 28 atoms with selector 'name == 'CA''.
RMSD test = 1
Rotated rmsd = 36.2336
Aligned rmsd = 0.942671
[0.801764 0.00393839 -0.597628 1.26605;0.0130238 0.999626 0.02406 -1.09837;0.597499 -0.0270739 0.801412 0.978502;0 0 0 1;];
*** Single Alignment Tests ***
All tests passed (threshold = 1e-06)
Total iterations = 4
WARNING - possible iterative failure at 245 with rmsd of 2.00194
WARNING - possible iterative failure at 390 with rmsd of 2.00154
WARNING - possible iterative failure at 549 with rmsd of 2.00114
WARNING - possible iterative failure at 689 with rmsd of 2.00077
WARNING - possible iterative failure at 727 with rmsd of 2.00302
WARNING - possible iterative failure at 831 with rmsd of 2.00149
*** There were 6 possible errors detected.
All composite iterative tests passed (threshold = 1e-06)
**************************************************
**************************************************
Selected 25 atoms with selector 'resid == 5'.
RMSD test = 1
Rotated rmsd = 22.0809
Aligned rmsd = 0.856746
[0.833129 0.128445 -0.537958 -2.44657;-0.000156661 0.972714 0.232006 1.86217;0.553079 -0.193206 0.810416 4.36095;0 0 0 1;];
*** Single Alignment Tests ***
All tests passed (threshold = 1e-06)
Total iterations = 6
WARNING - possible iterative failure at 319 with rmsd of 2.00585
WARNING - possible iterative failure at 718 with rmsd of 2.00019
*** There were 2 possible errors detected.
All composite iterative tests passed (threshold = 1e-06)
**************************************************
**************************************************
Selected 125 atoms with selector 'segid == 'L2''.
RMSD test = 1
Rotated rmsd = 17.4178
Aligned rmsd = 0.990014
[0.811883 -0.00177016 -0.583818 -0.072647;-0.00128186 0.999988 -0.00481461 -0.0798121;0.583819 0.00465727 0.811871 0.164459;0 0 0 1;];
*** Single Alignment Tests ***
All tests passed (threshold = 1e-06)
Total iterations = 4
WARNING - possible iterative failure at 561 with rmsd of 2.00167
WARNING - possible iterative failure at 679 with rmsd of 2.00312
WARNING - possible iterative failure at 891 with rmsd of 2.00063
WARNING - possible iterative failure at 936 with rmsd of 2.00022
*** There were 4 possible errors detected.
All composite iterative tests passed (threshold = 1e-06)
**************************************************


-=-=-=-=-=-=-=- MACROCYCLE #1 -=-=-=-=-=-=-=-
**************************************************
Selected 28 atoms with selector 'name == 'CA''.
RMSD test = 1
Rotated rmsd = 35.8753
Aligned rmsd = 0.915275
[0.820921 -0.0166791 -0.570797 1.35804;0.00968673 0.999836 -0.0152844 -0.0948567;0.570959 0.00701812 0.820949 -0.528579;0 0 0 1;];
*** Single Alignment Tests ***
All tests passed (threshold = 1e-06)
Total iterations = 4
WARNING - possible iterative failure at 317 with rmsd of 2.00351
WARNING - possible iterative failure at 958 with rmsd of 2.00147
*** There were 2 possible errors detected.
All composite iterative tests passed (threshold = 1e-06)
**************************************************
**************************************************
Selected 25 atoms with selector 'resid == 5'.
RMSD test = 1
Rotated rmsd = 22.1802
Aligned rmsd = 0.91609
[0.776867 -0.0865219 -0.623692 0.366318;0.0388701 0.995215 -0.0896453 0.728485;0.628464 0.0453995 0.776513 0.58165;0 0 0 1;];
*** Single Alignment Tests ***
All tests passed (threshold = 1e-06)
Total iterations = 6
WARNING - possible iterative failure at 147 with rmsd of 2.00169
WARNING - possible iterative failure at 814 with rmsd of 2.00019
WARNING - possible iterative failure at 899 with rmsd of 2.00152
*** There were 3 possible errors detected.
All composite iterative tests passed (threshold = 1e-06)
**************************************************
**************************************************
Selected 125 atoms with selector 'segid == 'L2''.
RMSD test = 1
Rotated rmsd = 17.2577
Aligned rmsd = 0.994444
[0.817325 -0.000168311 -0.576177 -0.110243;-0.0042518 0.999971 -0.00632341 -0.101071;0.576161 0.00761807 0.8173 -0.0789947;0 0 0 1;];
*** Single Alignment Tests ***
All tests passed (threshold = 1e-06)
Total iterations = 4
WARNING - possible iterative failure at 10 with rmsd of 2.00099
WARNING - possible iterative failure at 45 with rmsd of 2.00042
WARNING - possible iterative failure at 268 with rmsd of 2.00227
WARNING - possible iterative failure at 420 with rmsd of 2.00182
WARNING - possible iterative failure at 431 with rmsd of 2.00061
*** There were 5 possible errors detected.
All composite iterative tests passed (threshold = 1e-06)
**************************************************


-=-=-=-=-=-=-=- MACROCYCLE #2 -=-=-=-=-=-=-=-
**************************************************
Selected 28 atoms with selector 'name == 'CA''.
RMSD test = 1
Rotated rmsd = 36.1642
Aligned rmsd = 0.977082
[0.819476 -0.0104075 -0.573018 0.747067;0.00253513 0.999891 -0.0145351 0.208125;0.573107 0.0104585 0.819414 -0.88854;0 0 0 1;];
*** Single Alignment Tests ***
All tests passed (threshold = 1e-06)
Total iterations = 4
WARNING - possible iterative failure at 689 with rmsd of 2.0044
WARNING - possible iterative failure at 738 with rmsd of 2.00576
WARNING - possible iterative failure at 769 with rmsd of 2.00378
WARNING - possible iterative failure at 960 with rmsd of 2.00489
*** There were 4 possible errors detected.
All composite iterative tests passed (threshold = 1e-06)
**************************************************
**************************************************
Selected 25 atoms with selector 'resid == 5'.
RMSD test = 1
Rotated rmsd = 22.2126
Aligned rmsd = 0.97595
[0.781216 -0.0347744 -0.623291 -0.754393;0.0337215 0.99934 -0.0134892 1.1142;0.623349 -0.0104804 0.781874 1.82634;0 0 0 1;];
*** Single Alignment Tests ***
All tests passed (threshold = 1e-06)
Total iterations = 5
WARNING - possible iterative failure at 67 with rmsd of 2.00638
*** There were 1 possible errors detected.
All composite iterative tests passed (threshold = 1e-06)
**************************************************
**************************************************
Selected 125 atoms with selector 'segid == 'L2''.
RMSD test = 1
Rotated rmsd = 17.3739
Aligned rmsd = 0.994423
[0.816435 -0.00251626 -0.577432 -0.0276081;0.00305574 0.999995 -3.71325e-05 0.103171;0.577429 -0.00173416 0.816439 0.0553112;0 0 0 1;];
*** Single Alignment Tests ***
All tests passed (threshold = 1e-06)
Total iterations = 4
WARNING - possible iterative failure at 15 with rmsd of 2.00142
WARNING - possible iterative failure at 66 with rmsd of 2.00261
WARNING - possible iterative failure at 108 with rmsd of 2.00281
WARNING - possible iterative failure at 189 with rmsd of 2.00001
WARNING - possible iterative failure at 272 with rmsd of 2.00179
WARNING - possible iterative failure at 365 with rmsd of 2.00008
WARNING - possible iterative failure at 405 with rmsd of 2.00636
WARNING - possible iterative failure at 406 with rmsd of 2.00081
WARNING - possible iterative failure at 409 with rmsd of 2.00418
WARNING - possible iterative failure at 487 with rmsd of 2.00382
WARNING - possible iterative failure at 488 with rmsd of 2.00083
WARNING - possible iterative failure at 695 with rmsd of 2.00148
WARNING - possible iterative failure at 810 with rmsd of 2.00007
WARNING - possible iterative failure at 826 with rmsd of 2.0013
WARNING - possible iterative failure at 832 with rmsd of 2.00119
WARNING - possible iterative failure at 835 with rmsd of 2.00006
WARNING - possible iterative failure at 909 with rmsd of 2.00041
WARNING - possible iterative failure at 912 with rmsd of 2.00373
WARNING - possible iterative failure at 981 with rmsd of 2.00328
*** There were 19 possible errors detected.
All composite iterative tests passed (threshold = 1e-06)
**************************************************


-=-=-=-=-=-=-=- MACROCYCLE #3 -=-=-=-=-=-=-=-
**************************************************
Selected 28 atoms with selector 'name == 'CA''.
RMSD test = 1
Rotated rmsd = 36.1813
Aligned rmsd = 0.942025
[0.825472 -0.0168498 -0.564191 0.64941;0.0343746 0.9992 0.0204522 -2.37659;0.563395 -0.0362766 0.825391 3.00995;0 0 0 1;];
*** Single Alignment Tests ***
All tests passed (threshold = 1e-06)
Total iterations = 4
WARNING - possible iterative failure at 64 with rmsd of 2.00234
WARNING - possible iterative failure at 395 with rmsd of 2.00054
WARNING - possible iterative failure at 465 with rmsd of 2.00195
*** There were 3 possible errors detected.
All composite iterative tests passed (threshold = 1e-06)
**************************************************
**************************************************
Selected 25 atoms with selector 'resid == 5'.
RMSD test = 1
Rotated rmsd = 22.1325
Aligned rmsd = 0.954096
[0.819819 0.099482 -0.563915 -2.47165;-0.00567425 0.986156 0.165722 0.90101;0.572594 -0.132662 0.809034 3.25036;0 0 0 1;];
*** Single Alignment Tests ***
All tests passed (threshold = 1e-06)
Total iterations = 6
WARNING - possible iterative failure at 694 with rmsd of 2.01215
WARNING - possible iterative failure at 903 with rmsd of 2.00008
WARNING - possible iterative failure at 983 with rmsd of 2.00795
*** There were 3 possible errors detected.
All composite iterative tests passed (threshold = 1e-06)
**************************************************
**************************************************
Selected 125 atoms with selector 'segid == 'L2''.
RMSD test = 1
Rotated rmsd = 17.3223
Aligned rmsd = 0.994665
[0.811897 -0.00867864 -0.583736 -0.00435822;0.00763907 0.999962 -0.00424193 0.223086;0.58375 -0.00101519 0.811933 0.335095;0 0 0 1;];
*** Single Alignment Tests ***
All tests passed (threshold = 1e-06)
Total iterations = 4
WARNING - possible iterative failure at 56 with rmsd of 2.00257
WARNING - possible iterative failure at 85 with rmsd of 2.00126
WARNING - possible iterative failure at 191 with rmsd of 2.00133
WARNING - possible iterative failure at 221 with rmsd of 2.00216
WARNING - possible iterative failure at 254 with rmsd of 2.00138
WARNING - possible iterative failure at 407 with rmsd of 2.0023
WARNING - possible iterative failure at 581 with rmsd of 2.00192
*** There were 7 possible errors detected.
All composite iterative tests passed (threshold = 1e-06)
**************************************************


-=-=-=-=-=-=-=- MACROCYCLE #4 -=-=-=-=-=-=-=-
**************************************************
Selected 28 atoms with selector 'name == 'CA''.
RMSD test = 1
Rotated rmsd = 36.3903
Aligned rmsd = 0.956309
[0.820947 -0.00720632 -0.570959 0.199285;-0.0197414 0.998964 -0.0409933 2.14853;0.570664 0.0449249 0.819954 -3.03994;0 0 0 1;];
*** Single Alignment Tests ***
All tests passed (threshold = 1e-06)
Total iterations = 4
WARNING - possible iterative failure at 174 with rmsd of 2.00037
*** There were 1 possible errors detected.
All composite iterative tests passed (threshold = 1e-06)
**************************************************
**************************************************
Selected 25 atoms with selector 'resid == 5'.
RMSD test = 1
Rotated rmsd = 21.9677
Aligned rmsd = 0.921379
[0.781423 -0.000660299 -0.624001 -1.91322;-0.00977393 0.999864 -0.0132977 -0.5538;0.623925 0.0164901 0.781311 1.10769;0 0 0 1;];
*** Single Alignment Tests ***
All tests passed (threshold = 1e-06)
Total iterations = 6
WARNING - possible iterative failure at 247 with rmsd of 2.01963
WARNING - possible iterative failure at 653 with rmsd of 2.00501
WARNING - possible iterative failure at 737 with rmsd of 2.00001
*** There were 3 possible errors detected.
All composite iterative tests passed (threshold = 1e-06)
**************************************************
**************************************************
Selected 125 atoms with selector 'segid == 'L2''.
RMSD test = 1
Rotated rmsd = 17.347
Aligned rmsd = 0.992599
[0.818593 0.00245938 -0.574368 -0.137206;-0.00377091 0.999992 -0.00109247 -0.0643601;0.574361 0.00306018 0.818596 -0.153972;0 0 0 1;];
*** Single Alignment Tests ***
All tests passed (threshold = 1e-06)
Total iterations = 4
WARNING - possible iterative failure at 187 with rmsd of 2.00293
WARNING - possible iterative failure at 280 with rmsd of 2.00073
WARNING - possible iterative failure at 653 with rmsd of 2.00218
WARNING - possible iterative failure at 685 with rmsd of 2.00286
WARNING - possible iterative failure at 821 with rmsd of 2.00123
*** There were 5 possible errors detected.
All composite iterative tests passed (threshold = 1e-06)
**************************************************
