0
0  0  0
1  1  1
2  2  2
3  3  3
4  4  4
5  5  5
6  6  6
7  7  7
8  8  8
9  9  9
10  10  10
11  11  11
12  12  12
13  13  13
14  14  14
15  15  15
16  16  16
17  17  17
18  18  18
19  19  19

0  0  0  1
1  5  4  -1
2  10  8  -3
3  15  12  -5
4  20  16  -7
5  25  20  -9
6  30  24  -11
7  35  28  -13
8  40  32  -15
9  45  36  -17
10  50  40  -19
11  55  44  -21
12  60  48  -23
13  65  52  -25
14  70  56  -27
15  75  60  -29
16  80  64  -31
17  85  68  -33
18  90  72  -35
19  95  76  -37
-18  133  11.5326  2.57876  
Test Block averaging
1  0
2  100
3  96
4  125
5  128
