* Testing n=4 *
Progress: ...done
* Testing n=5 *
Progress: ........................................................................................done
