M
    0.00    1.00    2.00    3.00
    4.00    5.00    6.00    7.00
    8.00    9.00   10.00   11.00
   12.00   13.00   14.00   15.00
Read in a 4 x 4 matrix.
A
    0.00    1.00    2.00    3.00
    4.00    5.00    6.00    7.00
    8.00    9.00   10.00   11.00
   12.00   13.00   14.00   15.00
(2nd form) read in a 4 x 4 matrix.
B
    0.00    1.00    2.00    3.00
    4.00    5.00    6.00    7.00
    8.00    9.00   10.00   11.00
   12.00   13.00   14.00   15.00
M (row-major)
    0.00
    1.00
    2.00
    3.00
    4.00
    5.00
    6.00
    7.00
    8.00
    9.00
   10.00
   11.00
   12.00
   13.00
   14.00
   15.00
M = # 4 4 (0)
0 1 2 3 
4 5 6 7 
8 9 10 11 
12 13 14 15 

N (col-major)
       0       1       2       3
       4       5       6       7
       8       9      10      11
      12      13      14      15
N (col-major)
       0
       4
       8
      12
       1
       5
       9
      13
       2
       6
      10
      14
       3
       7
      11
      15
N as row-major
    0.00    4.00    8.00   12.00
    1.00    5.00    9.00   13.00
    2.00    6.00   10.00   14.00
    3.00    7.00   11.00   15.00
MM (linealy)
    0.00
    1.00
    2.00
    3.00
    4.00
    5.00
    6.00
    7.00
    8.00
    9.00
   10.00
   11.00
   12.00
   13.00
   14.00
   15.00
Triangular
   0   1   3   6
   1   2   4   7
   3   4   5   8
   6   7   8   9
Low-level access to T
	0
	1
	2
	3
	4
	5
	6
	7
	8
	9
* iterator test *
T = 0,1,2,3,4,5,6,7,8,9,
* Writing Triangular Matrix *
Read in a 4 x 4 triangular matrix.
T (from file)
       0       1       3       6
       1       2       4       7
       3       4       5       8
       6       7       8       9
* Copy test *
Original (1,1)=pi
    0.00    1.00    2.00    3.00
    4.00    3.14    6.00    7.00
    8.00    9.00   10.00   11.00
   12.00   13.00   14.00   15.00
Copy (1,1)=e
    0.00    1.00    2.00    3.00
    4.00    2.72    6.00    7.00
    8.00    9.00   10.00   11.00
   12.00   13.00   14.00   15.00
* Sparse test *
actualSize = 4
Sparse
    0.00    0.00    0.00    0.00
    0.00    1.00    0.00    7.00
    0.00    0.00    3.00    0.00
    0.00    0.00    0.00    5.00
actualSize = 4
* Sparse IO test *
Read in a 4 x 4 sparse matrix.
actualSize = 4
Sparse (read in from file)
    0.00    0.00    0.00    0.00
    0.00    1.00    0.00    7.00
    0.00    0.00    3.00    0.00
    0.00    0.00    0.00    5.00
actualSize of copy = 4
Density is 0.25
