Read in 120 atoms.
minId = 1
maxId = 120
minResid = 1
maxResid = 1
nresids = 1
nsegids = 1
Bounding box: min = (-8.12381,-3.12854,-7.82453), max = (8.83794,13.7156,3.04301)
Centroid = (1.20421,5.01373,-1.43459)
Radius = 11.4536
Found 2 molecules.
	0	60	(0.221595,-0.0157963,0.0173277)
	1	60	(2.18682,10.0433,-2.8865)
